// Jest Snapshot v1, https://goo.gl/fbAQLP

exports[`Welcome Component takes snapshot 1`] = `
<DocumentFragment>
  <div
    class="Welcome__Container-sc-1bu4lih-1 jjMlgy"
  >
    <h1
      class="Welcome__Title-sc-1bu4lih-0 cteDnk"
    >
      Welcome
    </h1>
    <input
      class="ant-input css-dev-only-do-not-override-3rel02 ant-input-outlined Welcome__EnterEmailInput-sc-1bu4lih-4 ibOCEE"
      placeholder="email"
      type="text"
      value=""
    />
    <button
      class="ant-btn css-dev-only-do-not-override-3rel02 ant-btn-default"
      style="border: 3px solid black; color: black; border-radius: 0px; font-size: 1rem; margin-bottom: 20px; width: 100%; font-weight: 700;"
      type="button"
    >
      <span>
        Log in
      </span>
    </button>
    <button
      class="ant-btn css-dev-only-do-not-override-3rel02 ant-btn-default"
      style="border: 3px solid black; color: black; border-radius: 0px; font-size: 1rem; margin-bottom: 70px; width: 100%; font-weight: 700;"
      type="button"
    >
      <span>
        create account
      </span>
    </button>
    <div
      class="Welcome__SignButtonPanel-sc-1bu4lih-2 IgafW"
    >
      <div
        class="Welcome__BorderButton-sc-1bu4lih-3 bNhVyb"
      >
        <span
          aria-label="google"
          class="anticon anticon-google"
          role="img"
          style="font-size: 50px;"
        >
          <svg
            aria-hidden="true"
            data-icon="google"
            fill="currentColor"
            focusable="false"
            height="1em"
            viewBox="64 64 896 896"
            width="1em"
          >
            <path
              d="M881 442.4H519.7v148.5h206.4c-8.9 48-35.9 88.6-76.6 115.8-34.4 23-78.3 36.6-129.9 36.6-99.9 0-184.4-67.5-214.6-158.2-7.6-23-12-47.6-12-72.9s4.4-49.9 12-72.9c30.3-90.6 114.8-158.1 214.7-158.1 56.3 0 106.8 19.4 146.6 57.4l110-110.1c-66.5-62-153.2-100-256.6-100-149.9 0-279.6 86-342.7 211.4-26 51.8-40.8 110.4-40.8 172.4S151 632.8 177 684.6C240.1 810 369.8 896 519.7 896c103.6 0 190.4-34.4 253.8-93 72.5-66.8 114.4-165.2 114.4-282.1 0-27.2-2.4-53.3-6.9-78.5z"
            />
          </svg>
        </span>
      </div>
      <div
        class="Welcome__BorderButton-sc-1bu4lih-3 bNhVyb"
      >
        <span
          style="font-size: 35px;"
        >
          VK
        </span>
      </div>
    </div>
  </div>
</DocumentFragment>
`;
